[    0.000000] Initializing cgroup subsys cpuset
[    0.000000] Initializing cgroup subsys cpu
[    0.000000] Initializing cgroup subsys cpuacct
[    0.000000] Linux version 4.4.0-141-generic (buildd@lcy01-amd64-027) (gcc version 5.4.0 20160609 (Ubuntu 5.4.0-6ubuntu1~16.04.10) ) #167-Ubuntu SMP Wed Dec 5 10:38:08 UTC 2018 (Ubuntu 4.4.0-141.167-generic 4.4.162)
[    0.000000] KERNEL supported cpus:
[    0.000000]   Intel GenuineIntel
[    0.000000]   AMD AuthenticAMD
[    0.000000]   NSC Geode by NSC
[    0.000000]   Cyrix CyrixInstead
[    0.000000]   Centaur CentaurHauls
[    0.000000]   Transmeta GenuineTMx86
[    0.000000]   Transmeta TransmetaCPU
[    0.000000]   UMC UMC UMC UMC
[    0.000000] x86/fpu: xstate_offset[2]:  576, xstate_sizes[2]:  256
[    0.000000] x86/fpu: Supporting XSAVE feature 0x01: 'x87 floating point registers'
[    0.000000] x86/fpu: Supporting XSAVE feature 0x02: 'SSE registers'
[    0.000000] x86/fpu: Supporting XSAVE feature 0x04: 'AVX registers'
[    0.000000] x86/fpu: Enabled xstate features 0x7, context size is 832 bytes, using 'standard' format.
[    0.000000] e820: BIOS-provided physical RAM map:
[    0.000000] BIOS-e820: [mem 0x0000000000000000-0x000000000009fbff] usable
[    0.000000] BIOS-e820: [mem 0x000000000009fc00-0x000000000009ffff] reserved
[    0.000000] BIOS-e820: [mem 0x00000000000f0000-0x00000000000fffff] reserved
[    0.000000] BIOS-e820: [mem 0x0000000000100000-0x000000007ffeffff] usable
[    0.000000] BIOS-e820: [mem 0x000000007fff0000-0x000000007fffffff] ACPI data
[    0.000000] BIOS-e820: [mem 0x00000000fec00000-0x00000000fec00fff] reserved
[    0.000000] BIOS-e820: [mem 0x00000000fee00000-0x00000000fee00fff] reserved
[    0.000000] BIOS-e820: [mem 0x00000000fffc0000-0x00000000ffffffff] reserved
[    0.000000] NX (Execute Disable) protection: active
[    0.000000] SMBIOS 2.5 present.
[    0.000000] Hypervisor detected: KVM
[    0.000000] e820: last_pfn = 0x7fff0 max_arch_pfn = 0x1000000
[    0.000000] MTRR: Disabled
[    0.000000] x86/PAT: MTRRs disabled, skipping PAT initialization too.
[    0.000000] CPU MTRRs all blank - virtualized system.
[    0.000000] x86/PAT: Configuration [0-7]: WB  WT  UC- UC  WB  WT  UC- UC  
[    0.000000] found SMP MP-table at [mem 0x0009fff0-0x0009ffff] mapped at [c009fff0]
[    0.000000] Scanning 1 areas for low memory corruption
[    0.000000] RAMDISK: [mem 0x3631a000-0x37184fff]
[    0.000000] ACPI: Early table checksum verification disabled
[    0.000000] ACPI: RSDP 0x00000000000E0000 000024 (v02 VBOX  )
[    0.000000] ACPI: XSDT 0x000000007FFF0030 00003C (v01 VBOX   VBOXXSDT 00000001 ASL  00000061)
[    0.000000] ACPI: FACP 0x000000007FFF00F0 0000F4 (v04 VBOX   VBOXFACP 00000001 ASL  00000061)
[    0.000000] ACPI: DSDT 0x000000007FFF0470 0021FF (v02 VBOX   VBOXBIOS 00000002 INTL 20100528)
[    0.000000] ACPI: FACS 0x000000007FFF0200 000040
[    0.000000] ACPI: FACS 0x000000007FFF0200 000040
[    0.000000] ACPI: APIC 0x000000007FFF0240 000054 (v02 VBOX   VBOXAPIC 00000001 ASL  00000061)
[    0.000000] ACPI: SSDT 0x000000007FFF02A0 0001CC (v01 VBOX   VBOXCPUT 00000002 INTL 20100528)
[    0.000000] 1155MB HIGHMEM available.
[    0.000000] 891MB LOWMEM available.
[    0.000000]   mapped low ram: 0 - 37bfe000
[    0.000000]   low ram: 0 - 37bfe000
[    0.000000] kvm-clock: Using msrs 4b564d01 and 4b564d00
[    0.000000] kvm-clock: cpu 0, msr 0:37bfd001, primary cpu clock
[    0.000000] kvm-clock: using sched offset of 4485983108 cycles
[    0.000000] clocksource: kvm-clock: mask: 0xffffffffffffffff max_cycles: 0x1cd42e4dffb, max_idle_ns: 881590591483 ns
[    0.000000] Zone ranges:
[    0.000000]   DMA      [mem 0x0000000000001000-0x0000000000ffffff]
[    0.000000]   Normal   [mem 0x0000000001000000-0x0000000037bfdfff]
[    0.000000]   HighMem  [mem 0x0000000037bfe000-0x000000007ffeffff]
[    0.000000] Movable zone start for each node
[    0.000000] Early memory node ranges
[    0.000000]   node   0: [mem 0x0000000000001000-0x000000000009efff]
[    0.000000]   node   0: [mem 0x0000000000100000-0x000000007ffeffff]
[    0.000000] Initmem setup node 0 [mem 0x0000000000001000-0x000000007ffeffff]
[    0.000000] Using APIC driver default
[    0.000000] ACPI: PM-Timer IO Port: 0x4008
[    0.000000] IOAPIC[0]: apic_id 1, version 32, address 0xfec00000, GSI 0-23
[    0.000000] ACPI: INT_SRC_OVR (bus 0 bus_irq 0 global_irq 2 dfl dfl)
[    0.000000] ACPI: INT_SRC_OVR (bus 0 bus_irq 9 global_irq 9 low level)
[    0.000000] Using ACPI (MADT) for SMP configuration information
[    0.000000] smpboot: Allowing 1 CPUs, 0 hotplug CPUs
[    0.000000] PM: Registered nosave memory: [mem 0x00000000-0x00000fff]
[    0.000000] PM: Registered nosave memory: [mem 0x0009f000-0x0009ffff]
[    0.000000] PM: Registered nosave memory: [mem 0x000a0000-0x000effff]
[    0.000000] PM: Registered nosave memory: [mem 0x000f0000-0x000fffff]
[    0.000000] e820: [mem 0x80000000-0xfebfffff] available for PCI devices
[    0.000000] Booting paravirtualized kernel on KVM
[    0.000000] clocksource: refined-jiffies: mask: 0xffffffff max_cycles: 0xffffffff, max_idle_ns: 7645519600211568 ns
[    0.000000] setup_percpu: NR_CPUS:8 nr_cpumask_bits:8 nr_cpu_ids:1 nr_node_ids:1
[    0.000000] PERCPU: Embedded 19 pages/cpu @f71c3000 s47436 r0 d30388 u77824
[    0.000000] PV qspinlock hash table entries: 512 (order: 0, 4096 bytes)
[    0.000000] Built 1 zonelists in Zone order, mobility grouping on.  Total pages: 521944
[    0.000000] Kernel command line: BOOT_IMAGE=/boot/vmlinuz-4.4.0-141-generic root=UUID=1fcf1ded-2dc3-40a5-a562-f1e6dbe028b1 ro console=tty1 console=ttyS0
[    0.000000] PID hash table entries: 4096 (order: 2, 16384 bytes)
[    0.000000] Dentry cache hash table entries: 131072 (order: 7, 524288 bytes)
[    0.000000] Inode-cache hash table entries: 65536 (order: 6, 262144 bytes)
[    0.000000] Initializing CPU#0
[    0.000000] Initializing HighMem for node 0 (00037bfe:0007fff0)
[    0.000000] Initializing Movable for node 0 (00000000:00000000)
[    0.000000] Memory: 2046452K/2096696K available (8052K kernel code, 778K rwdata, 3180K rodata, 952K init, 800K bss, 50244K reserved, 0K cma-reserved, 1183688K highmem)
[    0.000000] virtual kernel memory layout:
[    0.000000]     fixmap  : 0xfff15000 - 0xfffff000   ( 936 kB)
[    0.000000]     pkmap   : 0xffc00000 - 0xffe00000   (2048 kB)
[    0.000000]     vmalloc : 0xf83fe000 - 0xffbfe000   ( 120 MB)
[    0.000000]     lowmem  : 0xc0000000 - 0xf7bfe000   ( 891 MB)
[    0.000000]       .init : 0xc1bbe000 - 0xc1cac000   ( 952 kB)
[    0.000000]       .data : 0xc17dd3c4 - 0xc1bbc9c0   (3965 kB)
[    0.000000]       .text : 0xc1000000 - 0xc17dd3c4   (8052 kB)
[    0.000000] Checking if this processor honours the WP bit even in supervisor mode...Ok.
[    0.000000] SLUB: HWalign=64, Order=0-3, MinObjects=0, CPUs=1, Nodes=1
[    0.000000] Hierarchical RCU implementation.
[    0.000000] 	Build-time adjustment of leaf fanout to 32.
[    0.000000] 	RCU restricting CPUs from NR_CPUS=8 to nr_cpu_ids=1.
[    0.000000] RCU: Adjusting geometry for rcu_fanout_leaf=32, nr_cpu_ids=1
[    0.000000] NR_IRQS:2304 nr_irqs:256 16
[    0.000000] Console: colour VGA+ 80x25
[    0.000000] console [tty1] enabled
[    0.000000] console [ttyS0] enabled
[    0.000000] allocated 2097152 bytes of page_ext
[    0.000000] tsc: Detected 2594.116 MHz processor
[    0.553977] Calibrating delay loop (skipped) preset value.. 5188.23 BogoMIPS (lpj=10376464)
[    0.558264] pid_max: default: 32768 minimum: 301
[    0.560089] ACPI: Core revision 20150930
[    0.567934] ACPI: 2 ACPI AML tables successfully acquired and loaded
[    0.571034] Security Framework initialized
[    0.573040] Yama: becoming mindful.
[    0.575218] AppArmor: AppArmor initialized
[    0.577348] Mount-cache hash table entries: 2048 (order: 1, 8192 bytes)
[    0.580198] Mountpoint-cache hash table entries: 2048 (order: 1, 8192 bytes)
[    0.583765] Initializing cgroup subsys io
[    0.585770] Initializing cgroup subsys memory
[    0.588258] Initializing cgroup subsys devices
[    0.590329] Initializing cgroup subsys freezer
[    0.592714] Initializing cgroup subsys net_cls
[    0.594776] Initializing cgroup subsys perf_event
[    0.596842] Initializing cgroup subsys net_prio
[    0.599005] Initializing cgroup subsys hugetlb
[    0.601057] Initializing cgroup subsys pids
[    0.604532] mce: CPU supports 0 MCE banks
[    0.606817] process: using mwait in idle threads
[    0.609113] Last level iTLB entries: 4KB 512, 2MB 8, 4MB 8
[    0.611387] Last level dTLB entries: 4KB 512, 2MB 32, 4MB 32, 1GB 0
[    0.615036] Spectre V2 : Mitigation: Full generic retpoline
[    0.617141] Spectre V2 : Spectre v2 mitigation: Speculation control IBPB not-supported IBRS not-supported
[    0.628810] Spectre V2 : Spectre v2 / SpectreRSB mitigation: Filling RSB on context switch
[    0.632718] Speculative Store Bypass: Vulnerable
[    0.667744] Freeing SMP alternatives memory: 32K
[    0.683332] ftrace: allocating 31566 entries in 62 pages
[    0.786708] smpboot: APIC(0) Converting physical 0 to logical package 0
[    0.789062] smpboot: Max logical packages: 1
[    0.790753] Enabling APIC mode:  Flat.  Using 1 I/O APICs
[    0.795807] ..TIMER: vector=0x30 apic1=0 pin1=2 apic2=-1 pin2=-1
[    0.903059] smpboot: CPU0: Intel(R) Core(TM) i5-3230M CPU @ 2.60GHz (family: 0x6, model: 0x3a, stepping: 0x9)
[    0.908987] Performance Events: unsupported p6 CPU model 58 no PMU driver, software events only.
[    0.912723] KVM setup paravirtual spinlock
[    0.915658] x86: Booted up 1 node, 1 CPUs
[    0.917268] smpboot: Total of 1 processors activated (5188.23 BogoMIPS)
[    0.930182] devtmpfs: initialized
[    0.932115] evm: security.selinux
[    0.933893] evm: security.SMACK64
[    0.935320] evm: security.SMACK64EXEC
[    0.936762] evm: security.SMACK64TRANSMUTE
[    0.938980] evm: security.SMACK64MMAP
[    0.940841] evm: security.ima
[    0.942643] evm: security.capability
[    0.945186] clocksource: jiffies: mask: 0xffffffff max_cycles: 0xffffffff, max_idle_ns: 7645041785100000 ns
[    0.948763] futex hash table entries: 256 (order: 2, 16384 bytes)
[    0.951001] pinctrl core: initialized pinctrl subsystem
[    0.953701] RTC time: 18:35:44, date: 01/06/19
[    0.956992] NET: Registered protocol family 16
[    0.964653] EISA bus registered
[    0.965978] cpuidle: using governor ladder
[    0.967561] cpuidle: using governor menu
[    0.969121] PCCT header not found.
[    0.970679] ACPI: bus type PCI registered
[    0.972566] acpiphp: ACPI Hot Plug PCI Controller Driver version: 0.5
[    0.975485] PCI : PCI BIOS area is rw and x. Use pci=nobios if you want it NX.
[    0.978254] PCI: PCI BIOS revision 2.10 entry at 0xfda26, last bus=0
[    0.980513] PCI: Using configuration type 1 for base access
[    0.986153] ACPI: Added _OSI(Module Device)
[    0.987784] ACPI: Added _OSI(Processor Device)
[    0.989420] ACPI: Added _OSI(3.0 _SCP Extensions)
[    0.991152] ACPI: Added _OSI(Processor Aggregator Device)
[    0.995253] ACPI: Executed 1 blocks of module-level executable AML code
[    1.004390] ACPI: Interpreter enabled
[    1.005932] ACPI: (supports S0 S5)
[    1.007311] ACPI: Using IOAPIC for interrupt routing
[    1.009606] PCI: Using host bridge windows from ACPI; if necessary, use "pci=nocrs" and report a bug
[    1.045173] ACPI: PCI Root Bridge [PCI0] (domain 0000 [bus 00-ff])
[    1.047321] acpi PNP0A03:00: _OSC: OS supports [ASPM ClockPM Segments MSI]
[    1.049708] acpi PNP0A03:00: _OSC: not requesting OS control; OS requires [ExtendedConfig ASPM ClockPM MSI]
[    1.053832] acpi PNP0A03:00: fail to add MMCONFIG information, can't access extended PCI configuration space under this bridge.
[    1.065344] PCI host bridge to bus 0000:00
[    1.074181] pci_bus 0000:00: root bus resource [io  0x0000-0x0cf7 window]
[    1.076459] pci_bus 0000:00: root bus resource [io  0x0d00-0xffff window]
[    1.078729] pci_bus 0000:00: root bus resource [mem 0x000a0000-0x000bffff window]
[    1.081905] pci_bus 0000:00: root bus resource [mem 0x80000000-0xfdffffff window]
[    1.091956] pci_bus 0000:00: root bus resource [bus 00-ff]
[    1.097342] pci 0000:00:01.1: legacy IDE quirk: reg 0x10: [io  0x01f0-0x01f7]
[    1.099836] pci 0000:00:01.1: legacy IDE quirk: reg 0x14: [io  0x03f6]
[    1.102239] pci 0000:00:01.1: legacy IDE quirk: reg 0x18: [io  0x0170-0x0177]
[    1.104839] pci 0000:00:01.1: legacy IDE quirk: reg 0x1c: [io  0x0376]
[    1.140635] pci 0000:00:07.0: quirk: [io  0x4000-0x403f] claimed by PIIX4 ACPI
[    1.143926] pci 0000:00:07.0: quirk: [io  0x4100-0x410f] claimed by PIIX4 SMB
[    1.169184] ACPI: PCI Interrupt Link [LNKA] (IRQs 5 9 10 *11)
[    1.173008] ACPI: PCI Interrupt Link [LNKB] (IRQs 5 9 *10 11)
[    1.175989] ACPI: PCI Interrupt Link [LNKC] (IRQs 5 *9 10 11)
[    1.178936] ACPI: PCI Interrupt Link [LNKD] (IRQs 5 9 10 *11)
[    1.182056] ACPI: Enabled 2 GPEs in block 00 to 07
[    1.192867] vgaarb: setting as boot device: PCI:0000:00:02.0
[    1.194979] vgaarb: device added: PCI:0000:00:02.0,decodes=io+mem,owns=io+mem,locks=none
[    1.202907] vgaarb: loaded
[    1.206493] vgaarb: bridge control possible 0000:00:02.0
[    1.209421] SCSI subsystem initialized
[    1.211512] ACPI: bus type USB registered
[    1.213706] usbcore: registered new interface driver usbfs
[    1.216441] usbcore: registered new interface driver hub
[    1.220283] usbcore: registered new device driver usb
[    1.224101] PCI: Using ACPI for IRQ routing
[    1.228732] NetLabel: Initializing
[    1.231972] NetLabel:  domain hash size = 128
[    1.233954] NetLabel:  protocols = UNLABELED CIPSOv4
[    1.242057] NetLabel:  unlabeled traffic allowed by default
[    1.244577] amd_nb: Cannot enumerate AMD northbridges
[    1.246403] clocksource: Switched to clocksource kvm-clock
[    1.267452] AppArmor: AppArmor Filesystem Enabled
[    1.269314] pnp: PnP ACPI init
[    1.272778] pnp: PnP ACPI: found 3 devices
[    1.274592] PnPBIOS: Disabled by ACPI PNP
[    1.315635] clocksource: acpi_pm: mask: 0xffffff max_cycles: 0xffffff, max_idle_ns: 2085701024 ns
[    1.319031] NET: Registered protocol family 2
[    1.320937] TCP established hash table entries: 8192 (order: 3, 32768 bytes)
[    1.323857] TCP bind hash table entries: 8192 (order: 4, 65536 bytes)
[    1.326344] TCP: Hash tables configured (established 8192 bind 8192)
[    1.334592] UDP hash table entries: 512 (order: 2, 16384 bytes)
[    1.338418] UDP-Lite hash table entries: 512 (order: 2, 16384 bytes)
[    1.346866] NET: Registered protocol family 1
[    1.350315] pci 0000:00:00.0: Limiting direct PCI/PCI transfers
[    1.360473] pci 0000:00:01.0: Activating ISA DMA hang workarounds
[    1.370614] Unpacking initramfs...
[    1.922972] Freeing initrd memory: 14764K
[    1.924737] RAPL PMU detected, API unit is 2^-32 Joules, 3 fixed counters 10737418240 ms ovfl timer
[    1.927990] hw unit of domain pp0-core 2^-0 Joules
[    1.929709] hw unit of domain package 2^-0 Joules
[    1.931431] hw unit of domain pp1-gpu 2^-0 Joules
[    1.935592] platform rtc_cmos: registered platform RTC device (no PNP device found)
[    1.938691] Scanning for low memory corruption every 60 seconds
[    1.941831] audit: initializing netlink subsys (disabled)
[    1.944431] audit: type=2000 audit(1546799750.638:1): initialized
[    1.947092] Initialise system trusted keyring
[    1.948902] HugeTLB registered 2 MB page size, pre-allocated 0 pages
[    1.958216] zbud: loaded
[    1.959687] VFS: Disk quotas dquot_6.6.0
[    1.961332] VFS: Dquot-cache hash table entries: 1024 (order 0, 4096 bytes)
[    1.973207] squashfs: version 4.0 (2009/01/31) Phillip Lougher
[    1.976969] fuse init (API version 7.23)
[    1.984188] Key type big_key registered
[    1.985724] Allocating IMA MOK and blacklist keyrings.
[    1.988046] Key type asymmetric registered
[    1.989616] Asymmetric key parser 'x509' registered
[    1.991495] bounce: pool size: 64 pages
[    1.993635] Block layer SCSI generic (bsg) driver version 0.4 loaded (major 249)
[    1.999637] io scheduler noop registered
[    2.001182] io scheduler deadline registered (default)
[    2.003643] io scheduler cfq registered
[    2.005460] pci_hotplug: PCI Hot Plug PCI Core version: 0.5
[    2.007471] pciehp: PCI Express Hot Plug Controller Driver version: 0.4
[    2.009980] ACPI: AC Adapter [AC] (on-line)
[    2.022332] input: Power Button as /devices/LNXSYSTM:00/LNXPWRBN:00/input/input0
[    2.025325] ACPI: Power Button [PWRF]
[    2.034631] input: Sleep Button as /devices/LNXSYSTM:00/LNXSLPBN:00/input/input1
[    2.041745] ACPI: Sleep Button [SLPF]
[    2.045170] ACPI: Battery Slot [BAT0] (battery present)
[    2.048607] GHES: HEST is not enabled!
[    2.050352] Serial: 8250/16550 driver, 32 ports, IRQ sharing enabled
[    2.061658] isapnp: Scanning for PnP cards...
[    2.142650] 00:02: ttyS0 at I/O 0x3f8 (irq = 4, base_baud = 115200) is a 16550A
[    2.150270] Linux agpgart interface v0.103
[    2.201175] loop: module loaded
[    2.204558] scsi host0: ata_piix
[    2.206325] scsi host1: ata_piix
[    2.208109] ata1: PATA max UDMA/33 cmd 0x1f0 ctl 0x3f6 bmdma 0xd000 irq 14
[    2.211121] ata2: PATA max UDMA/33 cmd 0x170 ctl 0x376 bmdma 0xd008 irq 15
[    2.224699] libphy: Fixed MDIO Bus: probed
[    2.228170] tun: Universal TUN/TAP device driver, 1.6
[    2.232218] tun: (C) 1999-2004 Max Krasnyansky <maxk@qualcomm.com>
[    2.234780] PPP generic driver version 2.4.2
[    2.236520] ehci_hcd: USB 2.0 'Enhanced' Host Controller (EHCI) Driver
[    2.238702] ehci-pci: EHCI PCI platform driver
[    2.240523] ehci-platform: EHCI generic platform driver
[    2.242782] ohci_hcd: USB 1.1 'Open' Host Controller (OHCI) Driver
[    2.244948] ohci-pci: OHCI PCI platform driver
[    2.246797] ohci-platform: OHCI generic platform driver
[    2.292886] uhci_hcd: USB Universal Host Controller Interface driver
[    2.295228] i8042: PNP: PS/2 Controller [PNP0303:PS2K,PNP0f03:PS2M] at 0x60,0x64 irq 1,12
[    2.299091] serio: i8042 KBD port at 0x60,0x64 irq 1
[    2.300889] serio: i8042 AUX port at 0x60,0x64 irq 12
[    2.303417] mousedev: PS/2 mouse device common for all mice
[    2.306002] input: AT Translated Set 2 keyboard as /devices/platform/i8042/serio0/input/input2
[    2.309621] rtc_cmos rtc_cmos: rtc core: registered rtc_cmos as rtc0
[    2.312498] rtc_cmos rtc_cmos: alarms up to one day, 114 bytes nvram
[    2.314970] i2c /dev entries driver
[    2.316520] device-mapper: uevent: version 1.0.3
[    2.318329] device-mapper: ioctl: 4.34.0-ioctl (2015-10-28) initialised: dm-devel@redhat.com
[    2.321615] platform eisa.0: Probing EISA bus 0
[    2.323650] platform eisa.0: EISA: Cannot allocate resource for mainboard
[    2.325956] platform eisa.0: Cannot allocate resource for EISA slot 1
[    2.328120] platform eisa.0: Cannot allocate resource for EISA slot 2
[    2.330262] platform eisa.0: Cannot allocate resource for EISA slot 3
[    2.333014] platform eisa.0: Cannot allocate resource for EISA slot 4
[    2.335416] platform eisa.0: Cannot allocate resource for EISA slot 5
[    2.337570] platform eisa.0: Cannot allocate resource for EISA slot 6
[    2.339769] platform eisa.0: Cannot allocate resource for EISA slot 7
[    2.342074] platform eisa.0: Cannot allocate resource for EISA slot 8
[    2.344413] platform eisa.0: EISA: Detected 0 cards
[    2.390666] cpufreq-nforce2: No nForce2 chipset.
[    2.392840] ledtrig-cpu: registered to indicate activity on CPUs
[    2.395627] NET: Registered protocol family 10
[    2.397606] NET: Registered protocol family 17
[    2.399318] Key type dns_resolver registered
[    2.401207] Using IPI No-Shortcut mode
[    2.403356] registered taskstats version 1
[    2.405097] Loading compiled-in X.509 certificates
[    2.410825] Loaded X.509 cert 'Build time autogenerated kernel key: 8ee7231a1e42e4b4a17d0e4b95c66ffe15d3b32e'
[    2.415240] zswap: loaded using pool lzo/zbud
[    2.469741] Key type trusted registered
[    2.477501] Key type encrypted registered
[    2.484393] AppArmor: AppArmor sha1 policy hashing enabled
[    2.491598] ima: No TPM chip found, activating TPM-bypass!
[    2.496015] ima: Allocated hash algorithm: sha1
[    2.503815] evm: HMAC attrs: 0x1
[    2.555075]   Magic number: 3:358:594
[    2.559985] rtc_cmos rtc_cmos: setting system clock to 2019-01-06 18:35:46 UTC (1546799746)
[    2.563575] BIOS EDD facility v0.16 2004-Jun-25, 0 devices found
[    2.565688] EDD information not available.
[    2.659253] isapnp: No Plug & Play device found
[    2.661275] Freeing unused kernel memory: 952K
[    2.664917] Write protecting the kernel text: 8056k
[    2.666762] Write protecting the kernel read-only data: 3184k
[    2.668756] NX-protecting the kernel data: 6280k
Loading, please wait...
starting version 229
[    2.692995] random: udevadm: uninitialized urandom read (16 bytes read, 2 bits of entropy available)
[    2.699584] random: systemd-udevd: uninitialized urandom read (16 bytes read, 2 bits of entropy available)
[    2.705314] random: systemd-udevd: uninitialized urandom read (16 bytes read, 2 bits of entropy available)
[    2.718583] random: systemd-udevd: uninitialized urandom read (16 bytes read, 2 bits of entropy available)
[    2.766042] random: udevadm: uninitialized urandom read (16 bytes read, 2 bits of entropy available)
[    2.831039] random: udevadm: uninitialized urandom read (16 bytes read, 2 bits of entropy available)
[    2.842579] random: udevadm: uninitialized urandom read (16 bytes read, 2 bits of entropy available)
[    2.846525] random: udevadm: uninitialized urandom read (16 bytes read, 2 bits of entropy available)
[    2.861772] random: udevadm: uninitialized urandom read (16 bytes read, 2 bits of entropy available)
[    2.868290] random: udevadm: uninitialized urandom read (16 bytes read, 2 bits of entropy available)
[    2.934916] tsc: Refined TSC clocksource calibration: 2593.425 MHz
[    2.937687] clocksource: tsc: mask: 0xffffffffffffffff max_cycles: 0x2561f907cc1, max_idle_ns: 440795319380 ns
[    2.998464] Fusion MPT base driver 3.04.20
[    3.000114] Copyright (c) 1999-2008 LSI Corporation
[    3.014544] e1000: Intel(R) PRO/1000 Network Driver - version 7.3.21-k8-NAPI
[    3.017140] e1000: Copyright (c) 1999-2006 Intel Corporation.
[    3.133660] Fusion MPT SPI Host driver 3.04.20
[    3.245705] input: ImExPS/2 Generic Explorer Mouse as /devices/platform/i8042/serio1/input/input4
[    3.564085] e1000 0000:00:03.0 eth0: (PCI:33MHz:32-bit) 02:d4:45:2a:49:3f
[    3.567763] e1000 0000:00:03.0 eth0: Intel(R) PRO/1000 Network Connection
[    3.571569] mptbase: ioc0: Initiating bringup
[    3.634943] ioc0: LSI53C1030 A0: Capabilities={Initiator}
[    3.809477] scsi host2: ioc0: LSI53C1030 A0, FwRev=00000000h, Ports=1, MaxQ=256, IRQ=20
[    3.925260] scsi 2:0:0:0: Direct-Access     VBOX     HARDDISK         1.0  PQ: 0 ANSI: 5
[    3.932421] scsi target2:0:0: Beginning Domain Validation
[    3.936612] scsi target2:0:0: Domain Validation skipping write tests
[    3.939190] scsi target2:0:0: Ending Domain Validation
[    3.941185] scsi target2:0:0: asynchronous
[    3.943489] scsi 2:0:1:0: Direct-Access     VBOX     HARDDISK         1.0  PQ: 0 ANSI: 5
[    3.946512] scsi target2:0:1: Beginning Domain Validation
[    3.949541] scsi target2:0:1: Domain Validation skipping write tests
[    3.951896] scsi target2:0:1: Ending Domain Validation
[    3.959631] scsi target2:0:1: asynchronous
[    4.110039] sd 2:0:0:0: Attached scsi generic sg0 type 0
[    4.112969] sd 2:0:0:0: [sda] 20971520 512-byte logical blocks: (10.7 GB/10.0 GiB)
[    4.117245] sd 2:0:1:0: [sdb] 20480 512-byte logical blocks: (10.5 MB/10.0 MiB)
[    4.120922] sd 2:0:1:0: Attached scsi generic sg1 type 0
[    4.130490] sd 2:0:0:0: [sda] Write Protect is off
[    4.133123] sd 2:0:1:0: [sdb] Write Protect is off
[    4.141550] sd 2:0:1:0: [sdb] Incomplete mode parameter data
[    4.147511] sd 2:0:1:0: [sdb] Assuming drive cache: write through
[    4.150204] sd 2:0:0:0: [sda] Incomplete mode parameter data
[    4.152405] sd 2:0:0:0: [sda] Assuming drive cache: write through
[    4.189267]  sda: sda1
[    4.198706] sd 2:0:0:0: [sda] Attached SCSI disk
[    4.203277] sd 2:0:1:0: [sdb] Attached SCSI disk
[    4.439198] e1000 0000:00:08.0 eth1: (PCI:33MHz:32-bit) 08:00:27:ad:54:15
[    4.454732] e1000 0000:00:08.0 eth1: Intel(R) PRO/1000 Network Connection
[    4.472430] e1000 0000:00:08.0 enp0s8: renamed from eth1
[    4.477409] e1000 0000:00:03.0 enp0s3: renamed from eth0
Begin: Loading essential drivers ... [    6.265476] md: linear personality registered for level -1
[    6.275981] md: multipath personality registered for level -4
[    6.289784] md: raid0 personality registered for level 0
[    6.301555] md: raid1 personality registered for level 1
[    6.386996] raid6: mmxx1    gen()  1104 MB/s
[    6.455177] raid6: mmxx2    gen()  2013 MB/s
[    6.522524] raid6: sse1x1   gen()  1225 MB/s
[    6.590870] raid6: sse1x2   gen()  2330 MB/s
[    6.662668] raid6: sse2x1   gen()  2427 MB/s
[    6.730471] raid6: sse2x1   xor()  1354 MB/s
[    6.798815] raid6: sse2x2   gen()  5111 MB/s
[    6.870589] raid6: sse2x2   xor()  2551 MB/s
[    6.875741] raid6: using algorithm sse2x2 gen() 5111 MB/s
[    6.879901] raid6: .... xor() 2551 MB/s, rmw enabled
[    6.882015] raid6: using ssse3x1 recovery algorithm
[    6.891746] xor: automatically using best checksumming function:
[    6.930641]    avx       : 14935.000 MB/sec
[    6.939518] async_tx: api initialized (async)
[    6.980599] md: raid6 personality registered for level 6
[    6.989434] md: raid5 personality registered for level 5
[    6.995209] md: raid4 personality registered for level 4
[    7.027654] md: raid10 personality registered for level 10
done.
Begin: Running /scripts/init-premount ... done.
Begin: Mounting root file system ... Begin: Running /scripts/local-top ... done.
Begin: Running /scripts/local-premount ... [    7.119054] Btrfs loaded
Scanning for Btrfs filesystems
done.
Warning: fsck not present, so skipping root file system
[    7.204660] EXT4-fs (sda1): mounted filesystem with ordered data mode. Opts: (null)
done.
Begin: Running /scripts/local-bottom ... done.
Begin: Running /scripts/init-bottom ... done.
[    8.122867] random: nonblocking pool is initialized
[    8.172424] systemd[1]: systemd 229 running in system mode. (+PAM +AUDIT +SELINUX +IMA +APPARMOR +SMACK +SYSVINIT +UTMP +LIBCRYPTSETUP +GCRYPT +GNUTLS +ACL +XZ -LZ4 +SECCOMP +BLKID +ELFUTILS +KMOD -IDN)
[    8.189455] systemd[1]: Detected virtualization oracle.
[    8.202475] systemd[1]: Detected architecture x86.

Welcome to [1mUbuntu 16.04.5 LTS[0m!

[    8.238691] systemd[1]: Set hostname to <kouosl>.
[    9.663514] systemd[1]: Started Trigger resolvconf update for networkd DNS.
[[0;32m  OK  [0m] Started Trigger resolvconf update for networkd DNS.
[    9.673438] systemd[1]: Set up automount Arbitrary Executable File Formats File System Automount Point.
[[0;32m  OK  [0m] Set up automount Arbitrary Executab...ats File System Automount Point.
[    9.682989] systemd[1]: Reached target Swap.
[[0;32m  OK  [0m] Reached target Swap.
[    9.693438] systemd[1]: Listening on LVM2 poll daemon socket.
[[0;32m  OK  [0m] Listening on LVM2 poll daemon socket.
[    9.702122] systemd[1]: Reached target System Time Synchronized.
[[0;32m  OK  [0m] Reached target System Time Synchronized.
[    9.723746] systemd[1]: Created slice System Slice.
[[0;32m  OK  [0m] Created slice System Slice.
[    9.743995] systemd[1]: Created slice system-serial\x2dgetty.slice.
[[0;32m  OK  [0m] Created slice system-serial\x2dgetty.slice.
[    9.763548] systemd[1]: Listening on Journal Socket (/dev/log).
[[0;32m  OK  [0m] Listening on Journal Socket (/dev/log).
[    9.774210] systemd[1]: Reached target User and Group Name Lookups.
[[0;32m  OK  [0m] Reached target User and Group Name Lookups.
[    9.780160] systemd[1]: Listening on Journal Socket.
[[0;32m  OK  [0m] Listening on Journal Socket.
[    9.786455] systemd[1]: Starting Remount Root and Kernel File Systems...
         Starting Remount Root and Kernel File Systems...
[    9.795037] systemd[1]: Mounting Debug File System...
         Mounting Debug File System...
[    9.802229] systemd[1]: Mounting POSIX Message Queue File System...
         Mounting POSIX Message Queue File System...
[    9.808692] systemd[1]: Starting Create list of required static device nodes for the current kernel...
         Starting Create list of required st... nodes for the current kernel...
[    9.831995] systemd[1]: Starting Nameserver information manager...
         Starting Nameserver information manager...
[    9.857951] systemd[1]: Listening on Syslog Socket.
[[0;32m  OK  [0m] Listening on Syslog Socket.
[    9.865138] systemd[1]: Listening on /dev/initctl Compatibility Named Pipe.
[[0;32m  OK  [0m] Listening on /dev/initctl Compatibility Named Pipe.
[    9.870124] systemd[1]: Started Forward Password Requests to Wall Directory Watch.
[[0;32m  OK  [0m] Started Forward Password Requests to Wall Directory Watch.
[    9.891295] systemd[1]: Listening on udev Kernel Socket.
[[0;32m  OK  [0m] Listening on udev Kernel Socket.
[    9.898634] systemd[1]: Reached target Encrypted Volumes.
[[0;32m  OK  [0m] Reached target Encrypted Volumes.
[    9.910931] systemd[1]: Listening on udev Control Socket.
[[0;32m  OK  [0m] Listening on udev Control Socket.
[    9.919335] systemd[1]: Listening on Journal Audit Socket.
[[0;32m  OK  [0m] Listening on Journal Audit Socket.
[    9.928438] systemd[1]: Starting Journal Service...
         Starting Journal Service...
[   10.015638] systemd[1]: Starting Load Kernel Modules...
         Starting Load Kernel Modules...
[   10.024043] systemd[1]: Starting Uncomplicated firewall...
         Starting Uncomplicated firewall...
[   10.038078] systemd[1]: Created slice User and Session Slice.
[[0;32m  OK  [0m] Created slice User and Session Slice.
[   10.062789] systemd[1]: Reached target Slices.
[[0;32m  OK  [0m] Reached target Slices.
[   10.078407] systemd[1]: Starting Set console keymap...
         Starting Set console keymap...
[   10.113815] systemd[1]: Listening on Device-mapper event daemon FIFOs.
[[0;32m  OK  [0m] Listening on Device-mapper event daemon FIFOs.
[   10.135554] systemd[1]: Listening on LVM2 metadata daemon socket.
[[0;32m  OK  [0m] Listening on LVM2 metadata daemon socket.
[   10.149460] systemd[1]: Starting Monitoring of LVM2 mirrors, snapshots etc. using dmeventd or progress polling...
         Starting Monitoring of LVM2 mirrors... dmeventd or progress polling...
[   10.163864] systemd[1]: Mounting Huge Pages File System...
         Mounting Huge Pages File System...
[   10.181107] systemd[1]: Started Create list of required static device nodes for the current kernel.
[[0;32m  OK  [0m] Started Create list of required sta...ce nodes for the current kernel.
[   10.200610] systemd[1]: Started Uncomplicated firewall.
[[0;32m  OK  [0m] Started Uncomplicated firewall.
[   10.300736] Loading iSCSI transport class v2.0-870.
[   10.311064] EXT4-fs (sda1): re-mounted. Opts: (null)
[   10.316046] systemd[1]: Mounted Debug File System.
[[0;32m  OK  [0m] Mounted Debug File System.
[   10.336342] systemd[1]: Mounted Huge Pages File System.
[[0;32m  OK  [0m] Mounted Huge Pages File System.
[   10.354867] systemd[1]: Mounted POSIX Message Queue File System.
[[0;32m  OK  [0m] Mounted POSIX Message Queue File System.
[   10.372926] systemd[1]: Started Remount Root and Kernel File Systems.
[[0;32m  OK  [0m] Started Remount Root and Kernel File Systems.
[   10.421224] iscsi: registered transport (tcp)
[   10.465470] systemd[1]: Started Nameserver information manager.
[[0;32m  OK  [0m] Started Nameserver information manager.
[   10.575297] systemd[1]: Starting udev Coldplug all Devices...
         Starting udev Coldplug all Devices...
[   10.598721] systemd[1]: Starting Load/Save Random Seed...
         Starting Load/Save Random Seed...
[   10.631350] systemd[1]: Starting Create Static Device Nodes in /dev...
         Starting Create Static Device Nodes in /dev...
[   10.750039] systemd[1]: Started LVM2 metadata daemon.
[[0;32m  OK  [0m] Started LVM2 metadata daemon.
[   10.816075] systemd[1]: Started Load/Save Random Seed.
[[0;32m  OK  [0m] Started Load/Save Random Seed.
[   10.964276] systemd[1]: Started Set console keymap.
[[0;32m  OK  [0m] Started Set console keymap.
[   10.973665] systemd[1]: Started Journal Service.
[[0;32m  OK  [0m] Started Journal Service.
         Starting Flush Journal to Persistent Storage...
[   11.011966] iscsi: registered transport (iser)
[[0;32m  OK  [0m] Started Load Kernel Modules.
         Starting Apply Kernel Variables...
         Mounting FUSE Control File System...
[[0;32m  OK  [0m] Mounted FUSE Control File System.
[[0;32m  OK  [0m] Started udev Coldplug all Devices.
[   11.251238] systemd-journald[390]: Received request to flush runtime journal from PID 1
[[0;32m  OK  [0m] Started Flush Journal to Persistent Storage.
[[0;32m  OK  [0m] Started Apply Kernel Variables.
[[0;32m  OK  [0m] Started Create Static Device Nodes in /dev.
         Starting udev Kernel Device Manager...
[[0;32m  OK  [0m] Started Monitoring of LVM2 mirrors,...ng dmeventd or progress polling.
[[0;32m  OK  [0m] Reached target Local File Systems (Pre).
[[0;32m  OK  [0m] Reached target Local File Systems.
         Starting Initial cloud-init job (pre-networking)...
         Starting Set console font and keymap...
         Starting Tell Plymouth To Write Out Runtime Data...
         Starting Create Volatile Files and Directories...
         Starting LSB: AppArmor initialization...
[[0;32m  OK  [0m] Started Tell Plymouth To Write Out Runtime Data.
[[0;32m  OK  [0m] Started Create Volatile Files and Directories.
         Starting Update UTMP about System Boot/Shutdown...
[[0;32m  OK  [0m] Started Update UTMP about System Boot/Shutdown.
[[0;32m  OK  [0m] Started udev Kernel Device Manager.
[[0;32m  OK  [0m] Started Dispatch Password Requests to Console Directory Watch.
[[0;32m  OK  [0m] Found device /dev/ttyS0.
[[0;32m  OK  [0m] Started Set console font and keymap.
[[0;32m  OK  [0m] Created slice system-getty.slice.
[[0;32m  OK  [0m] Listening on Load/Save RF Kill Switch Status /dev/rfkill Watch.
[[0;32m  OK  [0m] Started LSB: AppArmor initialization.
[[0;32m  OK  [0m] Found device 82540EM Gigabit Ethern...r (PRO/1000 MT Desktop Adapter).
[[0;32m  OK  [0m] Found device 82540EM Gigabit Ethern...r (PRO/1000 MT Desktop Adapter).
[   18.191367] cloud-init[480]: Cloud-init v. 18.4-0ubuntu1~16.04.2 running 'init-local' at Sun, 06 Jan 2019 18:36:02 +0000. Up 17.27 seconds.
[[0;32m  OK  [0m] Started Initial cloud-init job (pre-networking).
[[0;32m  OK  [0m] Reached target Network (Pre).
[[0;32m  OK  [0m] Started ifup for enp0s8.
[[0;32m  OK  [0m] Started ifup for enp0s3.
         Starting Raise network interfaces...
[[0;32m  OK  [0m] Started Raise network interfaces.
[[0;32m  OK  [0m] Reached target Network.
         Starting Initial cloud-init job (metadata service crawler)...
[   20.822388] cloud-init[1078]: Cloud-init v. 18.4-0ubuntu1~16.04.2 running 'init' at Sun, 06 Jan 2019 18:36:04 +0000. Up 19.75 seconds.
[   20.836841] cloud-init[1078]: ci-info: ++++++++++++++++++++++++++++++++++++++Net device info+++++++++++++++++++++++++++++++++++++++
[   20.848575] cloud-init[1078]: ci-info: +--------+------+-----------------------------+---------------+--------+-------------------+
[   20.853432] cloud-init[1078]: ci-info: | Device |  Up  |           Address           |      Mask     | Scope  |     Hw-Address    |
[   20.860744] cloud-init[1078]: ci-info: +--------+------+-----------------------------+---------------+--------+-------------------+
[   20.864466] cloud-init[1078]: ci-info: | enp0s3 | True |          10.0.2.15          | 255.255.255.0 | global | 02:d4:45:2a:49:3f |
[   20.869951] cloud-init[1078]: ci-info: | enp0s3 | True |  fe80::d4:45ff:fe2a:493f/64 |       .       |  link  | 02:d4:45:2a:49:3f |
[   20.876927] cloud-init[1078]: ci-info: | enp0s8 | True |        192.168.83.137       | 255.255.255.0 | global | 08:00:27:ad:54:15 |
[   20.892438] cloud-init[1078]: ci-info: | enp0s8 | True | fe80::a00:27ff:fead:5415/64 |       .       |  link  | 08:00:27:ad:54:15 |
[   20.900799] cloud-init[1078]: ci-info: |   lo   | True |          127.0.0.1          |   255.0.0.0   |  host  |         .         |
[   20.909138] cloud-init[1078]: ci-info: |   lo   | True |           ::1/128           |       .       |  host  |         .         |
[   20.918628] cloud-init[1078]: ci-info: +--------+------+-----------------------------+---------------+--------+-------------------+
[   20.924411] cloud-init[1078]: ci-info: ++++++++++++++++++++++++++++Route IPv4 info++++++++++++++++++++++++++++
[   20.932487] cloud-init[1078]: ci-info: +-------+--------------+----------+---------------+-----------+-------+
[   20.941615] cloud-init[1078]: ci-info: | Route | Destination  | Gateway  |    Genmask    | Interface | Flags |
[   20.945939] cloud-init[1078]: ci-info: +-------+--------------+----------+---------------+-----------+-------+
[   20.952647] cloud-init[1078]: ci-info: |   0   |   0.0.0.0    | 10.0.2.2 |    0.0.0.0    |   enp0s3  |   UG  |
[   20.969259] cloud-init[1078]: ci-info: |   1   |   10.0.2.0   | 0.0.0.0  | 255.255.255.0 |   enp0s3  |   U   |
[[0;32m  OK  [0m[   20.980421] cloud-init[1078]: ci-info: |   2   | 192.168.83.0 | 0.0.0.0  | 255.255.255.0 |   enp0s8  |   U   |
[   20.980656] cloud-init[1078]: ci-info: +-------+--------------+----------+---------------+-----------+-------+
[   20.980900] cloud-init[1078]: ci-info: +++++++++++++++++++Route IPv6 info+++++++++++++++++++
[   20.981130] cloud-init[1078]: ci-info: +-------+-------------+---------+-----------+-------+
[   20.981365] cloud-init[1078]: ci-info: | Route | Destination | Gateway | Interface | Flags |
[   20.981579] cloud-init[1078]: ci-info: +-------+-------------+---------+-----------+-------+
[   20.981792] cloud-init[1078]: ci-info: |   0   |  fe80::/64  |    ::   |   enp0s8  |   U   |
[   20.982616] cloud-init[1078]: ci-info: |   1   |  fe80::/64  |    ::   |   enp0s3  |   U   |
[   20.982854] cloud-init[1078]: ci-info: |   6   |   ff00::/8  |    ::   |   enp0s8  |   U   |
[   20.983095] cloud-init[1078]: ci-info: |   7   |   ff00::/8  |    ::   |   enp0s3  |   U   |
[   20.983336] cloud-init[1078]: ci-info: +-------+-------------+---------+-----------+-------+
] Started Initial cloud-init job (metadata service crawler).
[[0;32m  OK  [0m] Reached target System Initialization.
[[0;32m  OK  [0m] Started Daily Cleanup of Temporary Directories.
         Starting Socket activation for snappy daemon.
[[0;32m  OK  [0m] Listening on ACPID Listen Socket.
[[0;32m  OK  [0m] Listening on D-Bus System Message Bus Socket.
[[0;32m  OK  [0m] Listening on UUID daemon activation socket.
[[0;32m  OK  [0m] Started Daily apt download activities.
[[0;32m  OK  [0m] Started Daily apt upgrade and clean activities.
         Starting LXD - unix socket.
[[0;32m  OK  [0m] Reached target Timers.
[[0;32m  OK  [0m] Started ACPI Events Check.
[[0;32m  OK  [0m] Reached target Paths.
[[0;32m  OK  [0m] Reached target Cloud-config availability.
[[0;32m  OK  [0m] Reached target Network is Online.
         Starting iSCSI initiator daemon (iscsid)...
[[0;32m  OK  [0m] Listening on Socket activation for snappy daemon.
[[0;32m  OK  [0m] Listening on LXD - unix socket.
[[0;32m  OK  [0m] Reached target Sockets.
[[0;32m  OK  [0m] Reached target Basic System.
[[0;32m  OK  [0m] Started D-Bus System Message Bus.
         Starting Accounts Service...
[[0;32m  OK  [0m] Started FUSE filesystem for LXC.
         Starting LXD - container startup/shutdown...
[[0;32m  OK  [0m] Started Deferred execution scheduler.
[[0;32m  OK  [0m] Started Regular background program processing daemon.
[[0;32m  OK  [0m] Started ACPI event daemon.
         Starting OpenBSD Secure Shell server...
         Starting Virtualbox guest utils...
         Starting /etc/rc.local Compatibility...
[[0;32m  OK  [0m] Started Unattended Upgrades Shutdown.
         Starting LSB: MD monitoring daemon...
         Starting LSB: Record successful boot for GRUB...
         Starting System Logging Service...
         Starting Login Service...
         Starting Snappy daemon...
[[0;32m  OK  [0m] Started /etc/rc.local Compatibility.
[[0;32m  OK  [0m] Started iSCSI initiator daemon (iscsid).
         Starting Login to default iSCSI targets...
[[0;32m  OK  [0m] Started Login Service.
[[0;32m  OK  [0m] Started LSB: Record successful boot for GRUB.
[[0;32m  OK  [0m] Started Login to default iSCSI targets.
[[0;32m  OK  [0m] Reached target Remote File Systems (Pre).
[[0;32m  OK  [0m] Reached target Remote File Systems.
         Starting Permit User Sessions...
         Starting LSB: Apache2 web server...
         Starting LSB: Start and stop the mysql database server daemon...
         Starting LSB: Set the CPU Frequency Scaling governor to "ondemand"...
         Starting LSB: automatic crash report generation...
         Starting LSB: daemon to balance interrupts for SMP systems...
[[0;32m  OK  [0m] Started Permit User Sessions.
[[0;32m  OK  [0m] Started LSB: MD monitoring daemon.
         Starting Terminate Plymouth Boot Screen...
         Starting Hold until boot process finishes up...
[[0;32m  OK  [0m] Started Hold until boot process finishes up.
[[0;32m  OK  [0m] Started Terminate Plymouth Boot Screen.
[[0;32m  OK  [0m] Started LSB: Set the CPU Frequency Scaling governor to "ondemand".
[[0;32m  OK  [0m] Started System Logging Service.
[[0;32m  OK  [0m] Started Serial Getty on ttyS0.
[[0;32m  OK  [0m] Started Getty on tty1.
[[0;32m  OK  [0m] Reached target Login Prompts.
         Starting Set console scheme...
[[0;32m  OK  [0m] Started LSB: automatic crash report generation.
[[0;32m  OK  [0m] Started Set console scheme.
[[0;32m  OK  [0m] Started LSB: daemon to balance interrupts for SMP systems.
[[0;32m  OK  [0m] Started Virtualbox guest utils.
         Starting Authenticate and Authorize Users to Run Privileged Tasks...
[[0;32m  OK  [0m] Started OpenBSD Secure Shell server.
[[0;32m  OK  [0m] Started Authenticate and Authorize Users to Run Privileged Tasks.
[[0;32m  OK  [0m] Started Accounts Service.
[[0;32m  OK  [0m] Started LXD - container startup/shutdown.
[[0;32m  OK  [0m] Started Snappy daemon.
         Starting Wait until snapd is fully seeded...
[[0;32m  OK  [0m] Started Wait until snapd is fully seeded.
         Starting Apply the settings specified in cloud-config...

Ubuntu 16.04.5 LTS kouosl ttyS0

kouosl login: [   30.563306] cloud-init[1492]: Cloud-init v. 18.4-0ubuntu1~16.04.2 running 'modules:config' at Sun, 06 Jan 2019 18:36:14 +0000. Up 29.78 seconds.
[   37.416887] cloud-init[1936]: Cloud-init v. 18.4-0ubuntu1~16.04.2 running 'modules:final' at Sun, 06 Jan 2019 18:36:21 +0000. Up 36.97 seconds.
[   37.425316] cloud-init[1936]: Cloud-init v. 18.4-0ubuntu1~16.04.2 finished at Sun, 06 Jan 2019 18:36:22 +0000. Datasource DataSourceNoCloud [seed=/dev/sdb][dsmode=net].  Up 37.39 seconds
